WARNING: All log messages before absl::InitializeLog() is called are written to STDERR
E0000 00:00:1786635086.001630  564150 descriptor_database.cc:633] File already exists in database: grpc/health/v1/health.proto
W0000 00:00:1786635086.001693  564150 message.cc:301] Protobuf GeneratedMessageFactory: File is already registered: grpc/health/v1/health.proto
2026-08-13T15:31:25Z [Info] [carb] Logging to file: /home/tyzuo/.conda/envs/active-perception-isaac-6.0.1/lib/python3.12/site-packages/isaacsim/kit/logs/Kit/Isaac-Sim Python/6.0/kit_20260813_233125.log
[0.144s] [ext: omni.assets.plugins-0.0.0] startup
[0.146s] [ext: omni.blobkey-1.1.2] startup
[0.146s] [ext: omni.kit.async_engine-0.0.3] startup
[0.483s] [ext: omni.client.lib-1.1.1] startup
[0.499s] [ext: omni.client-1.3.0] startup
[0.505s] [ext: omni.protobuf.lib-1.0.0] startup
[0.507s] [ext: omni.grpc.lib-1.0.0] startup
[0.513s] [ext: omni.metrics.core-0.0.3] startup
[0.514s] [ext: omni.datastore-0.0.0] startup
[0.515s] [ext: omni.gpu_foundation.shadercache.vulkan-1.0.0] startup
[0.518s] [ext: omni.hsscclient-1.1.4] startup
[0.519s] [ext: omni.stats-1.0.1] startup
[0.520s] [ext: omni.ujitso.default-1.0.0] startup
[0.525s] [ext: omni.gpu_foundation-0.0.0] startup
[0.924s] [ext: carb.windowing.plugins-1.0.1] startup
[0.934s] [ext: omni.kit.renderer.init-1.0.1] startup
2026-08-13T15:31:26Z [974ms] [Warning] [omni.platforminfo.plugin] failed to open the default display.  Can't verify X Server version.
2026-08-13T15:31:26Z [1,006ms] [Warning] [omni.rtx] CUDA_VISIBLE_DEVICES environment variable is set.
2026-08-13T15:31:26Z [1,006ms] [Warning] [omni.rtx] Note CUDA device enumeration and Omniverse device enumeration are different.
2026-08-13T15:31:26Z [1,007ms] [Warning] [omni.rtx] Setting CUDA_VISIBLE_DEVICES can lead to undesired behavior or crashes.
2026-08-13T15:31:27Z [1,746ms] [Warning] [omni.rtx] Skipping NVIDIA graphics device because the matching CUDA device could not be found: NVIDIA RTX PRO 5000 72GB Blackwell
2026-08-13T15:31:27Z [1,746ms] [Warning] [omni.rtx] Please restart your system if CUDA is known to work in your system, check if the NVIDIA driver is installed and working correctly, or check the MIG instance configuration if MIG is enabled.

|---------------------------------------------------------------------------------------------|
| Driver Version: 595.71.05     | Graphics API: Vulkan
|=============================================================================================|
| GPU | Name                             | Active | LDA | GPU Memory | Vendor-ID | LUID       |
|     |                                  |        |     |            | Device-ID | UUID       |
|     |                                  |        |     |            | Bus-ID    |            |
|---------------------------------------------------------------------------------------------|
| 0   | NVIDIA RTX PRO 5000 72GB Black.. |        |     | 73661   MB | 10de      | 0          |
|     |                                  |        |     |            | 2bb3      | dd9b8876.. |
|     |                                  |        |     |            | f6        |            |
|---------------------------------------------------------------------------------------------|
| 1   | NVIDIA RTX PRO 5000 72GB Black.. | Yes: 0 |     | 73661   MB | 10de      | 0          |
|     |                                  |        |     |            | 2bb3      | 7433a346.. |
|     |                                  |        |     |            | f9        |            |
|=============================================================================================|
| OS: 24.04.3 LTS (Noble Numbat) ubuntu, Version: 24.04.3, Kernel: 6.17.0-35-generic
| Processor: Intel(R) Xeon(R) Platinum 8351N CPU @ 2.40GHz
| Cores: 36 | Logical Cores: 72
|---------------------------------------------------------------------------------------------|
| Total Memory (MB): 128446 | Free Memory: 91131
| Total Page/Swap (MB): 8191 | Free Page/Swap: 6973
|---------------------------------------------------------------------------------------------|
2026-08-13T15:31:27Z [2,172ms] [Warning] [omni.rtx] CPU performance profile is set to powersave. This profile sets the CPU to the lowest frequency reducing performance.
2026-08-13T15:31:27Z [2,183ms] [Warning] [omni.rtx] IOMMU is enabled.
[2.490s] [ext: omni.kit.pipapi-0.0.0] startup
[2.492s] [ext: omni.kit.telemetry-0.5.2] startup
[2.575s] [ext: omni.kit.loop-isaac-1.6.0] startup
[2.582s] [ext: omni.kit.test-2.0.7] startup
[2.700s] [ext: omni.materialx.libs-1.0.9] startup
[2.714s] [ext: omni.gpucompute.plugins-0.0.0] startup
[2.715s] [ext: omni.usd.config-1.0.7] startup
[2.722s] [ext: omni.usd.libs-1.0.3] startup
[2.912s] [ext: omni.iray.libs-0.0.1] startup
[2.922s] [ext: omni.mdl-57.0.3] startup
[2.958s] [ext: omni.mdl.neuraylib-0.2.20] startup
[2.962s] [ext: omni.kit.usd.mdl-1.1.9] startup
[3.159s] [ext: omni.appwindow-1.2.2] startup
[3.172s] [ext: omni.kit.renderer.core-1.2.2] startup
2026-08-13T15:31:28Z [3,146ms] [Warning] [carb.windowing-glfw.plugin] GLFW initialization failed.
2026-08-13T15:31:28Z [3,146ms] [Warning] [carb] Failed to startup plugin carb.windowing-glfw.plugin (interfaces: [carb::windowing::IGLContext v1.0],[carb::windowing::IWindowing v1.5]) (impl: carb.windowing-glfw.plugin)
[3.225s] [ext: omni.kit.renderer.capture-2.0.1] startup
[3.230s] [ext: omni.kit.renderer.imgui-2.0.6] startup
2026-08-13T15:31:28Z [3,187ms] [Warning] [carb.windowing-glfw.plugin] GLFW initialization failed.
2026-08-13T15:31:28Z [3,187ms] [Warning] [carb] Failed to startup plugin carb.windowing-glfw.plugin (interfaces: [carb::windowing::IGLContext v1.0],[carb::windowing::IWindowing v1.5]) (impl: carb.windowing-glfw.plugin)
2026-08-13T15:31:28Z [3,189ms] [Warning] [carb.windowing-glfw.plugin] GLFW initialization failed.
2026-08-13T15:31:28Z [3,190ms] [Warning] [carb] Failed to startup plugin carb.windowing-glfw.plugin (interfaces: [carb::windowing::IGLContext v1.0],[carb::windowing::IWindowing v1.5]) (impl: carb.windowing-glfw.plugin)
[3.359s] [ext: omni.ui-3.2.0] startup
[3.386s] [ext: omni.kit.mainwindow-1.0.3] startup
[3.388s] [ext: carb.audio-0.1.0] startup
[3.395s] [ext: omni.uiaudio-1.0.0] startup
[3.397s] [ext: omni.kit.uiapp-0.0.0] startup
[3.397s] [ext: omni.usd.schema.metrics.assembler-110.1.0] startup
[3.402s] [ext: omni.usd.schema.audio-0.0.1] startup
[3.408s] [ext: omni.usd_resolver-1.0.0] startup
[3.414s] [ext: omni.usd.core-1.8.3] startup
[3.422s] [ext: omni.metropolis.schema-0.0.3] startup
[3.423s] [ext: isaacsim.anim.robot.schema-0.1.1] startup
[3.424s] [ext: omni.usd.schema.anim-0.0.1] startup
[3.459s] [ext: omni.usd.schema.geospatial-0.0.1] startup
[3.464s] [ext: omni.usd.schema.omnigraph-1.0.1] startup
[3.475s] [ext: omni.usd.schema.semantics-0.0.0] startup
[3.479s] [ext: omni.activity.core-1.0.3] startup
[3.482s] [ext: omni.cubric-0.1.0] startup
[3.483s] [ext: omni.graph.exec-0.9.6] startup
[3.483s] [ext: omni.hydra.scene_delegate-0.3.5] startup
[3.489s] [ext: usdrt.scenegraph-7.6.3] startup
[3.527s] [ext: omni.hydra.usdrt_delegate-7.5.2] startup
[3.537s] [ext: omni.inspect-1.0.2] startup
[3.540s] [ext: omni.kit.actions.core-1.0.0] startup
[3.544s] [ext: omni.kit.audiodeviceenum-1.0.2] startup
[3.551s] [ext: omni.kit.commands-1.5.0] startup
[3.561s] [ext: omni.kit.exec.core-0.13.5] startup
[3.565s] [ext: omni.kit.usd_undo-0.1.8] startup
[3.566s] [ext: omni.kit.window.popup_dialog-2.0.25] startup
[3.573s] [ext: omni.kit.widget.nucleus_connector-2.3.1] startup
[3.579s] [ext: omni.timeline-1.1.0] startup
[3.584s] [ext: omni.usd-1.16.0] startup
[3.682s] [ext: omni.graph.core-3.1.2] startup
[3.696s] [ext: omni.kit.notification_manager-1.0.11] startup
[3.707s] [ext: isaacsim.core.deprecation_manager-0.4.2] startup
[3.709s] [ext: isaacsim.replicator.agent.schema-0.1.1] startup
[3.712s] [ext: isaacsim.robot.schema-6.3.7] startup
[3.725s] [ext: isaacsim.robot_motion.schema-0.2.1] startup
[3.727s] [ext: omni.anim.behavior.schema-110.1.0] startup
[3.734s] [ext: omni.anim.graph.schema-110.1.1] startup
[3.745s] [ext: omni.anim.navigation.schema-110.1.0] startup
[3.751s] [ext: omni.behavior.tree.schema-110.1.0] startup
[3.752s] [ext: omni.kit.asset_converter-6.0.1] startup
[3.777s] [ext: omni.usd.schema.flow-110.0.0] startup
[3.778s] [ext: omni.usd.schema.mujoco-1.1.1] startup
[3.779s] [ext: omni.usd.schema.newton-1.2.1] startup
[3.780s] [ext: omni.usd.schema.omni_lens_distortion-1.0.0] startup
[3.781s] [ext: omni.usd.schema.omni_projectors-1.0.0] startup
[3.782s] [ext: omni.usd.schema.omni_sensors-0.0.0] startup
[3.796s] [ext: omni.usd.schema.omniscripting-1.0.1] startup
[3.803s] [ext: omni.usd.schema.physical_lighting-0.1.0] startup
[3.809s] [ext: omni.usd.schema.physx-110.1.13] startup
[3.867s] [ext: omni.usd.schema.render_settings.rtx-1.0.2] startup
[3.874s] [ext: omni.usd.schema.usd_particle_field-1.0.0] startup
[3.875s] [ext: isaacsim.core.version-2.1.1] startup
[3.876s] [ext: omni.kit.menu.core-1.2.0] startup
[3.877s] [ext: omni.kit.menu.utils-2.2.4] startup
[3.890s] [ext: isaacsim.app.about-2.3.1] startup
[3.900s] [ext: isaacsim.asset.transformer-1.2.5] startup
[3.906s] [ext: omni.scene.optimizer.core-110.1.0] startup
[4.023s] [ext: isaacsim.asset.importer.utils-1.8.1] startup
[4.027s] [ext: omni.convexdecomposition-110.1.13] startup
[4.045s] [ext: omni.physics-110.1.13] startup
[4.058s] [ext: omni.physx.gpu-110.1.13] startup
[4.059s] [ext: omni.physx.foundation-110.1.13] startup
[4.064s] [ext: omni.usdphysics-110.1.13] startup
[4.069s] [ext: omni.physx.cooking-110.1.13] startup
[4.076s] [ext: omni.physx-110.1.13] startup
[4.096s] [ext: omni.physics.physx-110.1.13] startup
[4.100s] [ext: isaacsim.asset.exporter.urdf-2.0.5] startup
[4.118s] [ext: omni.kit.clipboard-1.1.1] startup
[4.123s] [ext: omni.kit.usd.layers-2.6.1] startup
[4.152s] [ext: omni.kit.widget.context_menu-1.4.0] startup
[4.155s] [ext: omni.kit.context_menu-1.9.0] startup
[4.159s] [ext: omni.kit.helper.file_utils-0.1.10] startup
[4.162s] [ext: omni.kit.widget.nucleus_info-2.0.2] startup
[4.163s] [ext: omni.kit.search_core-1.0.8] startup
[4.164s] [ext: omni.kit.widget.path_field-2.0.13] startup
[4.166s] [ext: omni.kit.widget.browser_bar-2.0.10] startup
[4.167s] [ext: omni.kit.widget.filebrowser-2.13.4] startup
[4.177s] [ext: omni.kit.widget.options_menu-1.1.6] startup
[4.182s] [ext: omni.kit.widget.options_button-1.0.3] startup
[4.183s] [ext: omni.kit.widget.search_delegate-1.0.9] startup
[4.185s] [ext: omni.ui.scene-2.0.3] startup
[4.194s] [ext: omni.kit.window.filepicker-2.15.5] startup
[4.217s] [ext: omni.kit.window.file_importer-1.1.21] startup
[4.221s] [ext: omni.kit.material.library-3.1.2] startup
[4.231s] [ext: isaacsim.asset.transformer.rules-1.7.10] startup
[4.266s] [ext: omni.usdex.libs-2.2.2] startup
[4.288s] [ext: isaacsim.asset.importer.mjcf-3.10.1] startup
[4.291s] [ext: isaacsim.asset.importer.urdf-3.11.2] startup
[4.299s] [ext: omni.kit.primitive.mesh-1.1.0] startup
[4.303s] [ext: omni.kit.stage_template.core-1.1.22] startup
[4.304s] [ext: omni.kit.stage_templates-2.0.2] startup
[4.307s] [ext: omni.usd.metrics.assembler-110.1.2] startup
[4.313s] [ext: omni.warp.core-1.13.0] startup
[4.697s] [ext: isaacsim.core.experimental.utils-0.17.2] startup
[4.699s] [ext: omni.physics.stageupdate-110.1.13] startup
[4.714s] [ext: omni.physics.tensors-110.1.13] startup
[4.723s] [ext: omni.physx.tensors-110.1.13] startup
[4.729s] [ext: isaacsim.core.simulation_manager-1.15.6] startup
[4.758s] [ext: isaacsim.storage.native-1.9.3] startup
[4.761s] [ext: omni.usd.metrics.assembler.physics-110.1.13] startup
[4.763s] [ext: isaacsim.core.utils-4.1.7] startup
[4.769s] [ext: isaacsim.core.prims-0.11.7] startup
[6.915s] [ext: isaacsim.core.api-5.2.13] startup
[6.942s] [ext: isaacsim.core.cloner-1.7.3] startup
[6.945s] [ext: isaacsim.test.docstring-1.3.2] startup
[6.954s] [ext: isaacsim.core.experimental.prims-1.8.9] startup
[7.005s] [ext: isaacsim.core.experimental.primdata-0.3.2] startup
[7.011s] [ext: omni.graph.tools-1.81.0] startup
[7.058s] [ext: omni.graph-1.142.5] startup
[7.133s] [ext: isaacsim.core.experimental.actuators-0.1.2] startup
[7.194s] [ext: isaacsim.core.experimental.materials-0.7.1] startup
[7.208s] [ext: isaacsim.core.experimental.objects-0.8.1] startup
[7.358s] [ext: omni.hydra.engine.stats-1.0.5] startup
[7.364s] [ext: omni.hydra.rtx.shadercache.vulkan-1.0.0] startup
[7.366s] [ext: omni.index.libs-387500.4413.0] startup
[7.366s] [ext: omni.index-1.0.1] startup
[7.368s] [ext: omni.ujitso.client-0.0.0] startup
[7.369s] [ext: omni.usd.schema.playback-1.0.0] startup
[7.377s] [ext: omni.volume-0.5.2] startup
[7.388s] [ext: omni.hydra.rtx-1.0.4] startup
2026-08-13T15:31:32Z [7,370ms] [Warning] [omni.log] Source: omni.hydra was already registered.
[7.463s] [ext: omni.kit.hydra_texture-1.6.0] startup
[7.473s] [ext: omni.kit.raycast.query-1.2.0] startup
[7.484s] [ext: omni.kit.viewport.legacy_gizmos-1.0.24] startup
[7.490s] [ext: omni.kit.viewport.registry-104.0.6] startup
[7.492s] [ext: omni.kit.viewport.scene_camera_model-1.0.7] startup
[7.501s] [ext: omni.kit.widget.viewport-109.2.0] startup
[7.509s] [ext: omni.kit.window.drop_support-1.0.8] startup
[7.511s] [ext: omni.kit.viewport.window-109.0.2] startup
[7.545s] [ext: omni.kit.viewport.utility-2.0.1] startup
[7.548s] [ext: isaacsim.core.rendering_manager-0.4.3] startup
[7.587s] [ext: omni.graph.action_core-1.1.9] startup
[7.593s] [ext: omni.graph.action_nodes_core-2.11.0] startup
[7.599s] [ext: omni.graph.action_nodes-2.11.0] startup
[7.703s] [ext: omni.graph.action-2.10.2] startup
[7.710s] [ext: omni.graph.image.core-0.6.1] startup
[7.715s] [ext: omni.graph.image.nodes-1.3.1] startup
[7.720s] [ext: omni.graph.nodes_core-2.11.0] startup
[7.737s] [ext: omni.graph.nodes-2.12.0] startup
[7.750s] [ext: omni.kit.hotkeys.core-1.3.12] startup
[7.753s] [ext: omni.kit.property.adapter.core-1.1.1] startup
[7.765s] [ext: omni.kit.property.adapter.usd-1.0.5] startup
[7.767s] [ext: omni.kit.widget.filter-1.1.5] startup
[7.769s] [ext: omni.kit.widget.highlight_label-1.0.3] startup
[7.771s] [ext: omni.kit.widget.searchfield-1.1.8] startup
[7.774s] [ext: omni.kit.window.file_exporter-1.0.36] startup
[7.777s] [ext: omni.kit.widget.stage-4.4.0] startup
[7.793s] [ext: omni.kit.window.content_browser_registry-0.0.6] startup
[7.796s] [ext: omni.kit.window.file-2.0.10] startup
[7.801s] [ext: omni.kit.window.content_browser-3.1.8] startup
[7.822s] [ext: omni.kit.window.property-1.15.1] startup
[7.845s] [ext: omni.kit.property.usd-4.9.4] startup
[7.867s] [ext: omni.graph.scriptnode-2.10.2] startup
[7.891s] [ext: omni.kit.widget.searchable_combobox-1.0.7] startup
[7.894s] [ext: omni.kit.widget.settings-2.0.0] startup
[7.898s] [ext: omni.kit.window.preferences-1.8.3] startup
[7.908s] [ext: omni.kit.viewport.menubar.core-107.2.2] startup
[7.931s] [ext: omni.syntheticdata-0.6.15] startup
[8.007s] [ext: omni.replicator.nv-1.1.1] startup
[8.026s] [ext: omni.videoencoding-0.2.1] startup
[8.032s] [ext: omni.replicator.core-1.13.27] startup
2026-08-13T15:31:33Z [8,003ms] [Warning] [pxr.Semantics] pxr.Semantics is deprecated - please use Semantics instead
2026-08-13T15:31:33Z [8,156ms] [Warning] [omni.replicator.core.scripts.extension] No material configuration file, adding configuration to material settings directly.
[8.643s] [ext: isaacsim.core.nodes-5.10.5] startup
[8.743s] [ext: isaacsim.core.throttling-2.3.5] startup
[8.747s] [ext: omni.kit.manipulator.viewport-107.0.1] startup
[8.750s] [ext: omni.graph.visualization.nodes-2.1.4] startup
[8.818s] [ext: omni.kit.window.extensions-1.5.10] startup
[8.839s] [ext: isaacsim.gui.components-1.8.5] startup
[8.851s] [ext: isaacsim.robot.surface_gripper-3.6.2] startup
[8.899s] [ext: isaacsim.robot.manipulators-3.4.4] startup
[8.943s] [ext: isaacsim.robot_motion.lula-4.1.3] startup
[8.961s] [ext: isaacsim.robot_motion.motion_generation-8.2.9] startup
[8.975s] [ext: isaacsim.cortex.framework-1.0.18] startup
[8.978s] [ext: isaacsim.cortex.behaviors-2.0.17] startup
[8.982s] [ext: isaacsim.examples.base-1.3.2] startup
[8.986s] [ext: omni.kit.widget.zoombar-1.0.7] startup
[8.988s] [ext: omni.kit.browser.core-2.3.18] startup
[8.996s] [ext: omni.kit.browser.folder.core-2.0.2] startup
[9.005s] [ext: omni.kit.widget.stage_icons-1.0.8] startup
[9.008s] [ext: omni.kit.window.stage-2.6.1] startup
[9.015s] [ext: omni.kit.menu.stage-1.2.7] startup
[9.018s] [ext: omni.kit.usd.collect-3.0.6] startup
[9.023s] [ext: omni.kit.widget.prompt-1.0.7] startup
[9.025s] [ext: omni.kit.tool.collect-2.2.19] startup
[9.029s] [ext: isaacsim.examples.browser-0.3.2] startup
[9.034s] [ext: omni.kit.search.files-1.0.4] startup
[9.037s] [ext: omni.kit.widget.calendar-1.0.9] startup
[9.039s] [ext: omni.kit.widget.extended_searchfield-1.0.31] startup
[9.059s] [ext: omni.simready.content.browser-0.3.7] startup
[9.242s] [ext: isaacsim.gui.content_browser-0.4.3] startup
[9.247s] [ext: omni.kit.selection-0.1.6] startup
[9.250s] [ext: isaacsim.gui.menu-2.10.5] startup
[9.268s] [ext: isaacsim.gui.property-1.6.4] startup
[9.284s] [ext: omni.kit.viewport.actions-110.0.0] startup
[9.292s] [ext: omni.kit.viewport.menubar.display-107.1.3] startup
[9.296s] [ext: isaacsim.gui.sensors.icon-2.2.1] startup
[9.302s] [ext: omni.behavior.scripting.core-110.1.0] startup
[9.310s] [ext: isaacsim.replicator.behavior-1.5.4] startup
[9.311s] [ext: isaacsim.replicator.experimental.domain_randomization-1.2.5] startup
[9.355s] [ext: isaacsim.replicator.domain_randomization-1.2.2] startup
[9.526s] [ext: isaacsim.replicator.writers-1.5.4] startup
[9.597s] [ext: isaacsim.robot.experimental.wheeled_robots-0.2.11] startup
[9.665s] [ext: isaacsim.robot.policy.examples-5.2.12] startup
[9.727s] [ext: isaacsim.robot.wheeled_robots-5.2.4] startup
[9.741s] [ext: isaacsim.robot.wheeled_robots.nodes-0.1.5] startup
[9.832s] [ext: isaacsim.robot_motion.experimental.motion_generation-6.1.3] startup
[9.857s] [ext: isaacsim.robot_motion.cumotion-1.3.1] startup
[9.890s] [ext: omni.kit.numpy.common-0.1.3] startup
[9.893s] [ext: isaacsim.sensors.camera-1.7.9] startup
[9.954s] [ext: isaacsim.sensors.experimental.physics-3.0.2] startup
[9.974s] [ext: omni.sensors.net-1.0.1] startup
[9.983s] [ext: omni.sensors.nv.common-3.0.0] startup
[10.012s] [ext: omni.sensors.nv.materials-2.0.0] startup
[10.020s] [ext: omni.sensors.nv.acoustic-3.0.0] startup
[10.026s] [ext: omni.sensors.nv.ids-2.0.1] startup
[10.030s] [ext: omni.sensors.nv.lidar-3.0.0] startup
[10.038s] [ext: omni.sensors.nv.radar-3.0.0] startup
[10.045s] [ext: isaacsim.sensors.experimental.rtx-1.4.6] startup
[10.484s] [ext: isaacsim.sensors.physics.nodes-1.5.3] startup
[10.503s] [ext: isaacsim.util.debug_draw-3.2.3] startup
[10.517s] [ext: isaacsim.sensors.physx-2.5.5] startup
[10.536s] [ext: isaacsim.sensors.rtx-15.17.1] startup
[10.578s] [ext: isaacsim.simulation_app-2.18.4] startup
[10.579s] [ext: omni.anim.curve.core-1.6.0] startup
[10.607s] [ext: omni.graph.ui_nodes-2.11.1] startup
[10.715s] [ext: omni.hydra.scene_api-0.1.3] startup
[10.740s] [ext: omni.kit.manipulator.camera-110.0.0] startup
[10.752s] [ext: omni.kit.manipulator.selector-1.1.4] startup
[10.755s] [ext: omni.kit.manipulator.transform-107.0.0] startup
[10.765s] [ext: omni.kit.widget.toolbar-2.1.0] startup
[10.779s] [ext: omni.kit.manipulator.tool.snap-1.5.14] startup
[10.787s] [ext: omni.kit.viewport.manipulator.transform-107.0.4] startup
[10.791s] [ext: omni.kit.manipulator.prim.core-108.0.2] startup
[10.803s] [ext: omni.kit.manipulator.prim.usd-107.0.3] startup
[10.806s] [ext: omni.kit.manipulator.prim-108.0.0] startup
[10.806s] [ext: omni.kit.manipulator.selection-109.0.1] startup
[10.809s] [ext: omni.kit.menu.create-2.0.2] startup
[10.813s] [ext: omni.kit.property.audio-1.0.16] startup
[10.820s] [ext: omni.kit.property.camera-1.0.14] startup
[10.823s] [ext: omni.kit.property.geometry-2.1.2] startup
[10.829s] [ext: omni.kit.property.light-1.0.14] startup
2026-08-13T15:31:36Z [10,847ms] [Warning] [omni.usd] Encountered USD Warnings but USD Diagnostics are currently muted. To view USD Warnings, please set the '/persistent/app/usd/muteUsdDiagnostics' setting to false in Preferences page.
[10.921s] [ext: omni.kit.property.material-1.14.6] startup
[10.934s] [ext: omni.kit.property.render-1.2.2] startup
[10.937s] [ext: omni.kit.property.transform-1.6.9] startup
[10.944s] [ext: omni.kit.property.bundle-1.5.1] startup
[10.947s] [ext: omni.kit.usdz_export-1.1.0] startup
[10.952s] [ext: omni.kit.tool.asset_importer-6.0.1] startup
[10.963s] [ext: omni.kit.ui.actions-1.0.5] startup
[10.966s] [ext: omni.kit.viewport.menubar.camera-107.0.10] startup
[10.978s] [ext: omni.kit.viewport.menubar.lighting-107.3.2] startup
[10.983s] [ext: omni.kit.viewport.menubar.render-110.0.0] startup
[10.988s] [ext: omni.kit.viewport.menubar.settings-110.0.1] startup
[10.997s] [ext: omni.kit.window.console-1.1.9] startup
[11.006s] [ext: omni.kit.window.status_bar-0.1.11] startup
[11.013s] [ext: omni.kit.window.toolbar-3.0.3] startup
[11.018s] [ext: omni.ocio-0.1.1] startup
[11.021s] [ext: omni.physx.commands-110.1.13] startup
[11.028s] [ext: omni.replicator.replicator_yaml-2.0.12] startup
[11.056s] [ext: omni.rtx.window.settings-0.8.0] startup
[11.068s] [ext: omni.rtx.settings.core-0.7.1] startup
[11.075s] [ext: omni.usd.metrics.assembler.ui-110.1.1] startup
[11.090s] [ext: semantics.schema.editor-2.0.2] startup
[11.097s] [ext: semantics.schema.property-2.0.2] startup
[11.100s] [ext: omni.kit.menu.common-2.0.2] startup
[11.102s] [ext: isaacsim.exp.base-6.0.1] startup
[11.103s] [ext: isaacsim.exp.base.python-6.0.1] startup
[11.108s] Simulation App Starting
2026-08-13T15:31:39Z [13,665ms] [Warning] [omni.rtx] DLSS increasing input dimensions: Render resolution of (480, 270) is below minimal input resolution of 300.
[13.921s] Simulation App Startup Complete
[14.001s] app ready
Starting kit application with the following args:  ['/home/tyzuo/.conda/envs/active-perception-isaac-6.0.1/lib/python3.12/site-packages/isaacsim/exts/isaacsim.simulation_app/isaacsim/simulation_app/simulation_app.py', '/home/tyzuo/.conda/envs/active-perception-isaac-6.0.1/lib/python3.12/site-packages/isaacsim/apps/isaacsim.exp.base.python.kit', '--/app/tokens/exe-path=/home/tyzuo/.conda/envs/active-perception-isaac-6.0.1/lib/python3.12/site-packages/isaacsim/kit', '--/persistent/app/viewport/displayOptions=3094', '--/rtx/materialDb/syncLoads=True', '--/rtx/hydra/materialSyncLoads=True', '--/omni/kit/plugin/syncUsdLoads=True', '--/app/renderer/resolution/width=960', '--/app/renderer/resolution/height=540', '--/app/window/width=1440', '--/app/window/height=900', '--/renderer/multiGpu/enabled=True', '--/app/fastShutdown=True', '--/app/installSignalHandlers=0', '--ext-folder', '/home/tyzuo/.conda/envs/active-perception-isaac-6.0.1/lib/python3.12/site-packages/isaacsim/exts', '--ext-folder', '/home/tyzuo/.conda/envs/active-perception-isaac-6.0.1/lib/python3.12/site-packages/isaacsim/apps', '--/renderer/multiGpu/autoEnable=false', '--/renderer/multiGpu/enabled=false', '--/renderer/multiGpu/maxGpuCount=1', '--/isaac/startup/ros_bridge_extension=', '--/renderer/activeGpu=1', '--/physics/cudaDevice=0', '--/plugins/carb.tasking.plugin/threadCount=32', '--/plugins/omni.tbb.globalcontrol/maxThreadCount=32', '--portable', '--no-window', '--/app/window/hideUi=1']
Passing the following args to the base kit application:  ['--scene', 'isaac_output/ptlc_client_scene.usda', '--input-validation', 'isaac_output/input_validation.json', '--output', 'isaac_output/motion_pilot', '--fps', '1', '--hold-seconds', '1', '--move-seconds', '1', '--width', '960', '--height', '540']
Warp 1.13.0 initialized:
   CUDA Toolkit 12.9, Driver 13.2
   Devices:
     "cpu"      : "x86_64"
     "cuda:0"   : "NVIDIA RTX PRO 5000 72GB Blackwell" (71 GiB, sm_120, mempool enabled)
   Kernel cache:
     /home/tyzuo/.cache/warp/1.13.0
Opening stage: /home/tyzuo/ptlc_isaac_reproduction_20260813/isaac_output/ptlc_client_scene.usda
Rendering 5 frames
Rendered 1/5
2026-08-13T15:31:42Z [16,959ms] [Warning] [omni.syntheticdata.plugin] OgnSdPostRenderVarToHost : rendervar copy from texture directly to host buffer is counter-performant. Please use copy from texture to device buffer first.
2026-08-13T15:31:43Z [17,897ms] [Warning] [carb] Plugin interface for a client: omni.hydratexture.plugin was already released.
[18.184s] Simulation App Shutting Down
